
Merging program properties

Removed property 0xc0000002 to merge build/main.o (0x3) and build/kernel.o (not found)
Removed property 0xc0000002 to merge build/main.o (not found) and build/debug.o (0x3)
Removed property 0xc0000002 to merge build/main.o (not found) and build/memory.o (0x3)
Removed property 0xc0000002 to merge build/main.o (not found) and build/bitmap.o (0x3)
Removed property 0xc0000002 to merge build/main.o (not found) and build/string.o (0x3)
Removed property 0xc0000002 to merge build/main.o (not found) and build/thread.o (0x3)
Removed property 0xc0000002 to merge build/main.o (not found) and build/list.o (0x3)

Allocating common symbols
Common symbol       size              file

thread_ready_list   0x10              build/thread.o
thread_all_list     0x10              build/thread.o
user_pool           0x10              build/memory.o
intr_name           0x84              build/interrupt.o
main_thread         0x4               build/thread.o
ticks               0x4               build/timer.o
kernel_vaddr        0xc               build/memory.o
idt_table           0x84              build/interrupt.o
kernel_pool         0x10              build/memory.o

Discarded input sections

 .group         0x0000000000000000        0x8 build/main.o
 .note.GNU-stack
                0x0000000000000000        0x0 build/main.o
 .note.gnu.property
                0x0000000000000000       0x1c build/main.o
 .group         0x0000000000000000        0x8 build/init.o
 .text.__x86.get_pc_thunk.bx
                0x0000000000000000        0x4 build/init.o
 .note.GNU-stack
                0x0000000000000000        0x0 build/init.o
 .note.gnu.property
                0x0000000000000000       0x1c build/init.o
 .group         0x0000000000000000        0x8 build/interrupt.o
 .group         0x0000000000000000        0x8 build/interrupt.o
 .text.__x86.get_pc_thunk.bx
                0x0000000000000000        0x4 build/interrupt.o
 .note.GNU-stack
                0x0000000000000000        0x0 build/interrupt.o
 .note.gnu.property
                0x0000000000000000       0x1c build/interrupt.o
 .group         0x0000000000000000        0x8 build/timer.o
 .group         0x0000000000000000        0x8 build/timer.o
 .text.__x86.get_pc_thunk.ax
                0x0000000000000000        0x4 build/timer.o
 .text.__x86.get_pc_thunk.bx
                0x0000000000000000        0x4 build/timer.o
 .note.GNU-stack
                0x0000000000000000        0x0 build/timer.o
 .note.gnu.property
                0x0000000000000000       0x1c build/timer.o
 .group         0x0000000000000000        0x8 build/debug.o
 .text.__x86.get_pc_thunk.bx
                0x0000000000000000        0x4 build/debug.o
 .note.GNU-stack
                0x0000000000000000        0x0 build/debug.o
 .note.gnu.property
                0x0000000000000000       0x1c build/debug.o
 .group         0x0000000000000000        0x8 build/memory.o
 .group         0x0000000000000000        0x8 build/memory.o
 .text.__x86.get_pc_thunk.ax
                0x0000000000000000        0x4 build/memory.o
 .text.__x86.get_pc_thunk.bx
                0x0000000000000000        0x4 build/memory.o
 .note.GNU-stack
                0x0000000000000000        0x0 build/memory.o
 .note.gnu.property
                0x0000000000000000       0x1c build/memory.o
 .group         0x0000000000000000        0x8 build/bitmap.o
 .text.__x86.get_pc_thunk.ax
                0x0000000000000000        0x4 build/bitmap.o
 .note.GNU-stack
                0x0000000000000000        0x0 build/bitmap.o
 .note.gnu.property
                0x0000000000000000       0x1c build/bitmap.o
 .group         0x0000000000000000        0x8 build/string.o
 .text.__x86.get_pc_thunk.ax
                0x0000000000000000        0x4 build/string.o
 .note.GNU-stack
                0x0000000000000000        0x0 build/string.o
 .note.gnu.property
                0x0000000000000000       0x1c build/string.o
 .group         0x0000000000000000        0x8 build/thread.o
 .group         0x0000000000000000        0x8 build/thread.o
 .group         0x0000000000000000        0x8 build/thread.o
 .text.__x86.get_pc_thunk.ax
                0x0000000000000000        0x4 build/thread.o
 .text.__x86.get_pc_thunk.bx
                0x0000000000000000        0x4 build/thread.o
 .note.GNU-stack
                0x0000000000000000        0x0 build/thread.o
 .note.gnu.property
                0x0000000000000000       0x1c build/thread.o
 .group         0x0000000000000000        0x8 build/list.o
 .group         0x0000000000000000        0x8 build/list.o
 .text.__x86.get_pc_thunk.ax
                0x0000000000000000        0x4 build/list.o
 .text.__x86.get_pc_thunk.bx
                0x0000000000000000        0x4 build/list.o
 .note.GNU-stack
                0x0000000000000000        0x0 build/list.o
 .note.gnu.property
                0x0000000000000000       0x1c build/list.o

Memory Configuration

Name             Origin             Length             Attributes
*default*        0x0000000000000000 0xffffffffffffffff

Linker script and memory map

Address of section .text-segment set to 0xc0001000
Address of section .text set to 0xc0002500
LOAD build/main.o
LOAD build/init.o
LOAD build/interrupt.o
LOAD build/timer.o
LOAD build/kernel.o
LOAD build/print.o
LOAD build/debug.o
LOAD build/memory.o
LOAD build/bitmap.o
LOAD build/string.o
LOAD build/thread.o
LOAD build/list.o
LOAD build/switch.o
                [!provide]                        PROVIDE (__executable_start = SEGMENT_START ("text-segment", 0x8048000))
                0x00000000c00010d4                . = (SEGMENT_START ("text-segment", 0x8048000) + SIZEOF_HEADERS)

.interp
 *(.interp)

.note.gnu.build-id
 *(.note.gnu.build-id)

.hash
 *(.hash)

.gnu.hash
 *(.gnu.hash)

.dynsym
 *(.dynsym)

.dynstr
 *(.dynstr)

.gnu.version
 *(.gnu.version)

.gnu.version_d
 *(.gnu.version_d)

.gnu.version_r
 *(.gnu.version_r)

.rel.dyn        0x00000000c00010d4        0x0
 *(.rel.init)
 *(.rel.text .rel.text.* .rel.gnu.linkonce.t.*)
 .rel.text      0x00000000c00010d4        0x0 build/main.o
 *(.rel.fini)
 *(.rel.rodata .rel.rodata.* .rel.gnu.linkonce.r.*)
 *(.rel.data.rel.ro .rel.data.rel.ro.* .rel.gnu.linkonce.d.rel.ro.*)
 *(.rel.data .rel.data.* .rel.gnu.linkonce.d.*)
 *(.rel.tdata .rel.tdata.* .rel.gnu.linkonce.td.*)
 *(.rel.tbss .rel.tbss.* .rel.gnu.linkonce.tb.*)
 *(.rel.ctors)
 *(.rel.dtors)
 *(.rel.got)
 .rel.got       0x00000000c00010d4        0x0 build/main.o
 *(.rel.bss .rel.bss.* .rel.gnu.linkonce.b.*)
 *(.rel.ifunc)

.rel.plt        0x00000000c00010d4        0x0
 *(.rel.plt)
                [!provide]                        PROVIDE (__rel_iplt_start = .)
 *(.rel.iplt)
 .rel.iplt      0x00000000c00010d4        0x0 build/main.o
                [!provide]                        PROVIDE (__rel_iplt_end = .)
                0x00000000c0002000                . = ALIGN (CONSTANT (MAXPAGESIZE))

.init
 *(SORT_NONE(.init))

.plt            0x00000000c0002000        0x0
 *(.plt)
 *(.iplt)
 .iplt          0x00000000c0002000        0x0 build/main.o

.plt.got
 *(.plt.got)

.plt.sec
 *(.plt.sec)

.text           0x00000000c0002500     0x2365
 *(.text.unlikely .text.*_unlikely .text.unlikely.*)
 *(.text.exit .text.exit.*)
 *(.text.startup .text.startup.*)
 *(.text.hot .text.hot.*)
 *(SORT_BY_NAME(.text.sorted.*))
 *(.text .stub .text.* .gnu.linkonce.t.*)
 .text          0x00000000c0002500       0xd2 build/main.o
                0x00000000c0002500                main
                0x00000000c000257a                k_thread_a
                0x00000000c00025a6                k_thread_b
 .text.__x86.get_pc_thunk.bx
                0x00000000c00025d2        0x4 build/main.o
                0x00000000c00025d2                __x86.get_pc_thunk.bx
 .text          0x00000000c00025d6       0x54 build/init.o
                0x00000000c00025d6                init_all
 .text          0x00000000c000262a      0x55c build/interrupt.o
                0x00000000c0002a2e                idt_init
                0x00000000c0002aaf                intr_get_status
                0x00000000c0002ada                intr_enable
                0x00000000c0002b07                intr_disable
                0x00000000c0002b34                intr_set_status
                0x00000000c0002b59                register_handler
 .text.__x86.get_pc_thunk.ax
                0x00000000c0002b86        0x4 build/interrupt.o
                0x00000000c0002b86                __x86.get_pc_thunk.ax
 .text          0x00000000c0002b8a      0x1c6 build/timer.o
                0x00000000c0002ce4                timer_init
 .text          0x00000000c0002d50      0x393 build/kernel.o
                0x00000000c0002d50                intr_exit
 *fill*         0x00000000c00030e3        0xd 
 .text          0x00000000c00030f0      0x178 build/print.o
                0x00000000c00030f0                put_int
                0x00000000c0003151                put_str
                0x00000000c0003174                put_char
                0x00000000c0003244                set_cursor
 .text          0x00000000c0003268       0xe4 build/debug.o
                0x00000000c0003268                panic_spin
 .text          0x00000000c000334c      0x65f build/memory.o
                0x00000000c00033e7                pte_ptr
                0x00000000c0003425                pde_ptr
                0x00000000c00035f0                malloc_page
                0x00000000c00036dc                get_kernel_pages
                0x00000000c0003953                mem_init
 .text          0x00000000c00039ab      0x28e build/bitmap.o
                0x00000000c00039ab                bitmap_init
                0x00000000c00039e2                bitmap_scan_test
                0x00000000c0003a30                bitmap_scan
                0x00000000c0003b6d                bitmap_set
 .text          0x00000000c0003c39      0x4bc build/string.o
                0x00000000c0003c39                memset
                0x00000000c0003ca3                memcpy
                0x00000000c0003d1b                memcmp
                0x00000000c0003db5                strcpy
                0x00000000c0003e24                strlen
                0x00000000c0003e85                strcmp
                0x00000000c0003f23                strchr
                0x00000000c0003f8f                strrchr
                0x00000000c0004001                strcat
                0x00000000c0004085                strchrs
 .text          0x00000000c00040f5      0x4d2 build/thread.o
                0x00000000c00040f5                running_thread
                0x00000000c0004148                thread_create
                0x00000000c00041d0                init_thread
                0x00000000c0004279                thread_start
                0x00000000c000441e                schedule
                0x00000000c000455e                thread_init
 .text.__x86.get_pc_thunk.dx
                0x00000000c00045c7        0x4 build/thread.o
                0x00000000c00045c7                __x86.get_pc_thunk.dx
 .text          0x00000000c00045cb      0x27d build/list.o
                0x00000000c00045cb                list_init
                0x00000000c0004607                list_insert_before
                0x00000000c0004661                list_push
                0x00000000c000468c                list_append
                0x00000000c00046b8                list_remove
                0x00000000c0004705                list_pop
                0x00000000c0004734                elem_find
                0x00000000c000477b                list_len
                0x00000000c00047bc                list_empty
                0x00000000c00047e2                list_traveral
 *fill*         0x00000000c0004848        0x8 
 .text          0x00000000c0004850       0x15 build/switch.o
                0x00000000c0004850                switch_to
 *(.gnu.warning)

.fini
 *(SORT_NONE(.fini))
                [!provide]                        PROVIDE (__etext = .)
                [!provide]                        PROVIDE (_etext = .)
                [!provide]                        PROVIDE (etext = .)
                0x00000000c0005000                . = ALIGN (CONSTANT (MAXPAGESIZE))
                0x00000000c0005000                . = SEGMENT_START ("rodata-segment", (ALIGN (CONSTANT (MAXPAGESIZE)) + (. & (CONSTANT (MAXPAGESIZE) - 0x1))))

.rodata         0x00000000c0005000      0x7cd
 *(.rodata .rodata.* .gnu.linkonce.r.*)
 .rodata        0x00000000c0005000       0x2a build/main.o
 .rodata        0x00000000c000502a       0x1f build/init.o
 *fill*         0x00000000c0005049        0x3 
 .rodata        0x00000000c000504c      0x2d3 build/interrupt.o
 *fill*         0x00000000c000531f        0x1 
 .rodata        0x00000000c0005320       0x6b build/timer.o
 .rodata        0x00000000c000538b       0x35 build/debug.o
 .rodata        0x00000000c00053c0      0x148 build/memory.o
 .rodata        0x00000000c0005508       0x6b build/bitmap.o
 *fill*         0x00000000c0005573        0x1 
 .rodata        0x00000000c0005574       0xc8 build/string.o
 .rodata        0x00000000c000563c      0x191 build/thread.o

.rodata1
 *(.rodata1)

.eh_frame_hdr
 *(.eh_frame_hdr)
 *(.eh_frame_entry .eh_frame_entry.*)

.eh_frame       0x00000000c00057d0      0x8bc
 *(.eh_frame)
 .eh_frame      0x00000000c00057d0       0x8c build/main.o
 .eh_frame      0x00000000c000585c       0x24 build/init.o
                                         0x50 (size before relaxing)
 .eh_frame      0x00000000c0005880      0x1b4 build/interrupt.o
                                        0x1e0 (size before relaxing)
 .eh_frame      0x00000000c0005a34       0x94 build/timer.o
                                         0xd4 (size before relaxing)
 .eh_frame      0x00000000c0005ac8       0x1c build/debug.o
                                         0x48 (size before relaxing)
 .eh_frame      0x00000000c0005ae4      0x13c build/memory.o
                                        0x17c (size before relaxing)
 .eh_frame      0x00000000c0005c20       0x90 build/bitmap.o
                                         0xbc (size before relaxing)
 .eh_frame      0x00000000c0005cb0      0x168 build/string.o
                                        0x194 (size before relaxing)
 .eh_frame      0x00000000c0005e18      0x12c build/thread.o
                                        0x16c (size before relaxing)
 .eh_frame      0x00000000c0005f44      0x148 build/list.o
                                        0x188 (size before relaxing)
 *(.eh_frame.*)

.gcc_except_table
 *(.gcc_except_table .gcc_except_table.*)

.gnu_extab
 *(.gnu_extab*)

.exception_ranges
 *(.exception_ranges*)
                0x00000000c0008000                . = DATA_SEGMENT_ALIGN (CONSTANT (MAXPAGESIZE), CONSTANT (COMMONPAGESIZE))

.eh_frame
 *(.eh_frame)
 *(.eh_frame.*)

.gnu_extab
 *(.gnu_extab)

.gcc_except_table
 *(.gcc_except_table .gcc_except_table.*)

.exception_ranges
 *(.exception_ranges*)

.tdata          0x00000000c0008000        0x0
                [!provide]                        PROVIDE (__tdata_start = .)
 *(.tdata .tdata.* .gnu.linkonce.td.*)

.tbss
 *(.tbss .tbss.* .gnu.linkonce.tb.*)
 *(.tcommon)

.preinit_array  0x00000000c0008000        0x0
                [!provide]                        PROVIDE (__preinit_array_start = .)
 *(.preinit_array)
                [!provide]                        PROVIDE (__preinit_array_end = .)

.init_array     0x00000000c0008000        0x0
                [!provide]                        PROVIDE (__init_array_start = .)
 *(SORT_BY_INIT_PRIORITY(.init_array.*) SORT_BY_INIT_PRIORITY(.ctors.*))
 *(.init_array EXCLUDE_FILE(*crtend?.o *crtend.o *crtbegin?.o *crtbegin.o) .ctors)
                [!provide]                        PROVIDE (__init_array_end = .)

.fini_array     0x00000000c0008000        0x0
                [!provide]                        PROVIDE (__fini_array_start = .)
 *(SORT_BY_INIT_PRIORITY(.fini_array.*) SORT_BY_INIT_PRIORITY(.dtors.*))
 *(.fini_array EXCLUDE_FILE(*crtend?.o *crtend.o *crtbegin?.o *crtbegin.o) .dtors)
                [!provide]                        PROVIDE (__fini_array_end = .)

.ctors
 *crtbegin.o(.ctors)
 *crtbegin?.o(.ctors)
 *(EXCLUDE_FILE(*crtend?.o *crtend.o) .ctors)
 *(SORT_BY_NAME(.ctors.*))
 *(.ctors)

.dtors
 *crtbegin.o(.dtors)
 *crtbegin?.o(.dtors)
 *(EXCLUDE_FILE(*crtend?.o *crtend.o) .dtors)
 *(SORT_BY_NAME(.dtors.*))
 *(.dtors)

.jcr
 *(.jcr)

.data.rel.ro
 *(.data.rel.ro.local* .gnu.linkonce.d.rel.ro.local.*)
 *(.data.rel.ro .data.rel.ro.* .gnu.linkonce.d.rel.ro.*)

.dynamic
 *(.dynamic)

.got            0x00000000c0008000        0x0
 *(.got)
 .got           0x00000000c0008000        0x0 build/main.o
 *(.igot)
                0x00000000c0008ff4                . = DATA_SEGMENT_RELRO_END (., (SIZEOF (.got.plt) >= 0xc)?0xc:0x0)

.got.plt        0x00000000c0008000        0xc
 *(.got.plt)
 .got.plt       0x00000000c0008000        0xc build/main.o
                0x00000000c0008000                _GLOBAL_OFFSET_TABLE_
 *(.igot.plt)
 .igot.plt      0x00000000c000800c        0x0 build/main.o

.data           0x00000000c000800c       0x8c
 *(.data .data.* .gnu.linkonce.d.*)
 .data          0x00000000c000800c        0x0 build/main.o
 .data          0x00000000c000800c        0x0 build/init.o
 .data          0x00000000c000800c        0x0 build/interrupt.o
 .data          0x00000000c000800c        0x0 build/timer.o
 .data          0x00000000c000800c       0x84 build/kernel.o
                0x00000000c000800c                intr_entry_table
 .data          0x00000000c0008090        0x8 build/print.o
 .data          0x00000000c0008098        0x0 build/debug.o
 .data          0x00000000c0008098        0x0 build/memory.o
 .data          0x00000000c0008098        0x0 build/bitmap.o
 .data          0x00000000c0008098        0x0 build/string.o
 .data          0x00000000c0008098        0x0 build/thread.o
 .data          0x00000000c0008098        0x0 build/list.o

.data1
 *(.data1)
                0x00000000c0008098                _edata = .
                [!provide]                        PROVIDE (edata = .)
                0x00000000c0008098                . = .
                0x00000000c0008098                __bss_start = .

.bss            0x00000000c00080a0      0x298
 *(.dynbss)
 *(.bss .bss.* .gnu.linkonce.b.*)
 .bss           0x00000000c00080a0        0x0 build/main.o
 .bss           0x00000000c00080a0        0x0 build/init.o
 .bss           0x00000000c00080a0      0x108 build/interrupt.o
 .bss           0x00000000c00081a8        0x0 build/timer.o
 .bss           0x00000000c00081a8        0x0 build/debug.o
 .bss           0x00000000c00081a8        0x0 build/memory.o
 .bss           0x00000000c00081a8        0x0 build/bitmap.o
 .bss           0x00000000c00081a8        0x0 build/string.o
 .bss           0x00000000c00081a8        0x4 build/thread.o
 .bss           0x00000000c00081ac        0x0 build/list.o
 *(COMMON)
 *fill*         0x00000000c00081ac       0x14 
 COMMON         0x00000000c00081c0      0x124 build/interrupt.o
                0x00000000c00081c0                intr_name
                0x00000000c0008260                idt_table
 COMMON         0x00000000c00082e4        0x4 build/timer.o
                0x00000000c00082e4                ticks
 COMMON         0x00000000c00082e8       0x2c build/memory.o
                0x00000000c00082e8                user_pool
                0x00000000c00082f8                kernel_vaddr
                0x00000000c0008304                kernel_pool
 COMMON         0x00000000c0008314       0x24 build/thread.o
                0x00000000c0008314                thread_ready_list
                0x00000000c0008324                thread_all_list
                0x00000000c0008334                main_thread
                0x00000000c0008338                . = ALIGN ((. != 0x0)?0x4:0x1)
                0x00000000c0008338                . = ALIGN (0x4)
                0x00000000c0008338                . = SEGMENT_START ("ldata-segment", .)
                0x00000000c0008338                . = ALIGN (0x4)
                0x00000000c0008338                _end = .
                [!provide]                        PROVIDE (end = .)
                0x00000000c0008338                . = DATA_SEGMENT_END (.)

.stab
 *(.stab)

.stabstr
 *(.stabstr)

.stab.excl
 *(.stab.excl)

.stab.exclstr
 *(.stab.exclstr)

.stab.index
 *(.stab.index)

.stab.indexstr
 *(.stab.indexstr)

.comment        0x0000000000000000       0x2a
 *(.comment)
 .comment       0x0000000000000000       0x2a build/main.o
                                         0x2b (size before relaxing)
 .comment       0x000000000000002a       0x2b build/init.o
 .comment       0x000000000000002a       0x2b build/interrupt.o
 .comment       0x000000000000002a       0x2b build/timer.o
 .comment       0x000000000000002a       0x2b build/debug.o
 .comment       0x000000000000002a       0x2b build/memory.o
 .comment       0x000000000000002a       0x2b build/bitmap.o
 .comment       0x000000000000002a       0x2b build/string.o
 .comment       0x000000000000002a       0x2b build/thread.o
 .comment       0x000000000000002a       0x2b build/list.o

.gnu.build.attributes
 *(.gnu.build.attributes .gnu.build.attributes.*)

.debug
 *(.debug)

.line
 *(.line)

.debug_srcinfo
 *(.debug_srcinfo)

.debug_sfnames
 *(.debug_sfnames)

.debug_aranges
 *(.debug_aranges)

.debug_pubnames
 *(.debug_pubnames)

.debug_info
 *(.debug_info .gnu.linkonce.wi.*)

.debug_abbrev
 *(.debug_abbrev)

.debug_line
 *(.debug_line .debug_line.* .debug_line_end)

.debug_frame
 *(.debug_frame)

.debug_str
 *(.debug_str)

.debug_loc
 *(.debug_loc)

.debug_macinfo
 *(.debug_macinfo)

.debug_weaknames
 *(.debug_weaknames)

.debug_funcnames
 *(.debug_funcnames)

.debug_typenames
 *(.debug_typenames)

.debug_varnames
 *(.debug_varnames)

.debug_pubtypes
 *(.debug_pubtypes)

.debug_ranges
 *(.debug_ranges)

.debug_macro
 *(.debug_macro)

.debug_addr
 *(.debug_addr)

.gnu.attributes
 *(.gnu.attributes)

/DISCARD/
 *(.note.GNU-stack)
 *(.gnu_debuglink)
 *(.gnu.lto_*)
OUTPUT(build/kernel.bin elf32-i386)
